// Vitest Snapshot v1, https://vitest.dev/guide/snapshot.html

exports[`should render demo and match snapshot 1`] = `
<div class="van-tabs van-tabs--line">
  <!--[-->
  <div class="van-tabs__wrap">
    <div
      role="tablist"
      class="van-tabs__nav van-tabs__nav--line"
      style
      aria-orientation="horizontal"
    >
      <!--[-->
    </div>
  </div>
  <div class="van-tabs__content">
    <!--[-->
    <!--[-->
    <div
      id="van-tab"
      role="tabpanel"
      class="van-tab__panel"
      tabindex="-1"
      aria-labelledby="van-tabs-0"
      data-allow-mismatch="attribute"
      style="display:none;"
    >
    </div>
    <div
      id="van-tab"
      role="tabpanel"
      class="van-tab__panel"
      tabindex="-1"
      aria-labelledby="van-tabs-1"
      data-allow-mismatch="attribute"
      style="display:none;"
    >
    </div>
    <div
      id="van-tab"
      role="tabpanel"
      class="van-tab__panel"
      tabindex="-1"
      aria-labelledby="van-tabs-2"
      data-allow-mismatch="attribute"
      style="display:none;"
    >
    </div>
    <div
      id="van-tab"
      role="tabpanel"
      class="van-tab__panel"
      tabindex="-1"
      aria-labelledby="van-tabs-3"
      data-allow-mismatch="attribute"
      style="display:none;"
    >
    </div>
  </div>
</div>
`;
