// Vitest Snapshot v1, https://vitest.dev/guide/snapshot.html

exports[`should render cancel slot correctly 1`] = `
<button
  type="button"
  class="van-share-sheet__cancel"
>
  Custom Cancel
</button>
`;

exports[`should render cancel text when using cancel-text prop 1`] = `
<button
  type="button"
  class="van-share-sheet__cancel"
>
  foo
</button>
`;

exports[`should render description when using description prop 1`] = `
<span class="van-share-sheet__description">
  foo
</span>
`;

exports[`should render title and description slot correctly 1`] = `
<transition-stub
  name="van-fade"
  appear="true"
  persisted="false"
  css="true"
>
  <div
    class="van-overlay"
    role="button"
    tabindex="0"
  >
  </div>
</transition-stub>
<transition-stub
  name="van-popup-slide-bottom"
  appear="false"
  persisted="false"
  css="true"
>
  <div
    role="dialog"
    tabindex="0"
    class="van-popup van-popup--round van-popup--bottom van-safe-area-bottom van-share-sheet"
  >
    <div class="van-share-sheet__header">
      <h2 class="van-share-sheet__title">
        Custom Title
      </h2>
      <span class="van-share-sheet__description">
        Custom Description
      </span>
    </div>
    <div class="van-share-sheet__options">
    </div>
    <button
      type="button"
      class="van-share-sheet__cancel"
    >
      Cancel
    </button>
  </div>
</transition-stub>
`;
