// Vitest Snapshot v1, https://vitest.dev/guide/snapshot.html

exports[`should render demo and match snapshot 1`] = `
<!--[-->
<div>
  <!--[-->
  <div class="van-swipe">
    <div
      style="transition-duration:500ms;transform:translateX(0px);"
      class="van-swipe__track"
    >
      <!--[-->
      <div
        class="van-swipe-item"
        style
      >
        <!--[-->
        1
      </div>
      <div
        class="van-swipe-item"
        style
      >
        <!--[-->
        2
      </div>
      <div
        class="van-swipe-item"
        style
      >
        <!--[-->
        3
      </div>
      <div
        class="van-swipe-item"
        style
      >
        <!--[-->
        4
      </div>
    </div>
  </div>
</div>
<div>
  <!--[-->
  <div class="van-swipe">
    <div
      style="transition-duration:500ms;transform:translateX(0px);"
      class="van-swipe__track"
    >
      <!--[-->
      <!--[-->
      <div
        class="van-swipe-item"
        style
      >
      </div>
      <div
        class="van-swipe-item"
        style
      >
      </div>
      <div
        class="van-swipe-item"
        style
      >
      </div>
      <div
        class="van-swipe-item"
        style
      >
      </div>
    </div>
  </div>
</div>
<div>
  <!--[-->
  <div class="van-swipe">
    <div
      style="transition-duration:500ms;transform:translateX(0px);"
      class="van-swipe__track"
    >
      <!--[-->
      <div
        class="van-swipe-item"
        style
      >
        <!--[-->
        1
      </div>
      <div
        class="van-swipe-item"
        style
      >
        <!--[-->
        2
      </div>
      <div
        class="van-swipe-item"
        style
      >
        <!--[-->
        3
      </div>
      <div
        class="van-swipe-item"
        style
      >
        <!--[-->
        4
      </div>
    </div>
  </div>
</div>
<div>
  <!--[-->
  <div
    class="van-swipe demo-swipe--vertical"
    style="height:200px;"
  >
    <div
      style="transition-duration:500ms;transform:translateY(0px);"
      class="van-swipe__track van-swipe__track--vertical"
    >
      <!--[-->
      <div
        class="van-swipe-item"
        style
      >
        <!--[-->
        1
      </div>
      <div
        class="van-swipe-item"
        style
      >
        <!--[-->
        2
      </div>
      <div
        class="van-swipe-item"
        style
      >
        <!--[-->
        3
      </div>
      <div
        class="van-swipe-item"
        style
      >
        <!--[-->
        4
      </div>
    </div>
  </div>
</div>
<div>
  <!--[-->
  <div class="van-swipe">
    <div
      style="transition-duration:500ms;transform:translateX(0px);"
      class="van-swipe__track"
    >
      <!--[-->
      <div
        class="van-swipe-item"
        style
      >
        <!--[-->
        1
      </div>
      <div
        class="van-swipe-item"
        style
      >
        <!--[-->
        2
      </div>
      <div
        class="van-swipe-item"
        style
      >
        <!--[-->
        3
      </div>
      <div
        class="van-swipe-item"
        style
      >
        <!--[-->
        4
      </div>
    </div>
  </div>
</div>
<div>
  <!--[-->
  <div class="van-swipe">
    <div
      style="transition-duration:500ms;transform:translateX(0px);"
      class="van-swipe__track"
    >
      <!--[-->
      <div
        class="van-swipe-item"
        style
      >
        <!--[-->
        1
      </div>
      <div
        class="van-swipe-item"
        style
      >
        <!--[-->
        2
      </div>
      <div
        class="van-swipe-item"
        style
      >
        <!--[-->
        3
      </div>
      <div
        class="van-swipe-item"
        style
      >
        <!--[-->
        4
      </div>
    </div>
    <!--[-->
    <div class="custom-indicator">
      NaN/0
    </div>
  </div>
</div>
<div>
  <!--[-->
  <div
    class="van-swipe"
    style="direction:rtl;"
  >
    <div
      style="transition-duration:500ms;transform:translateX(0px);"
      class="van-swipe__track"
    >
      <!--[-->
      <div
        class="van-swipe-item"
        style
      >
        <!--[-->
        1
      </div>
      <div
        class="van-swipe-item"
        style
      >
        <!--[-->
        2
      </div>
      <div
        class="van-swipe-item"
        style
      >
        <!--[-->
        3
      </div>
      <div
        class="van-swipe-item"
        style
      >
        <!--[-->
        4
      </div>
    </div>
  </div>
</div>
`;
