// Vitest Snapshot v1, https://vitest.dev/guide/snapshot.html

exports[`should render demo and match snapshot 1`] = `
<div>
  <div class="van-dropdown-menu">
    <div class="van-dropdown-menu__bar">
      <div
        id="van-dropdown-menu-0"
        role="button"
        tabindex="0"
        data-allow-mismatch="attribute"
        class="van-dropdown-menu__item van-haptics-feedback"
      >
        <span class="van-dropdown-menu__title">
          <div class="van-ellipsis">
            Option1
          </div>
        </span>
      </div>
      <div
        id="van-dropdown-menu-1"
        role="button"
        tabindex="0"
        data-allow-mismatch="attribute"
        class="van-dropdown-menu__item van-haptics-feedback"
      >
        <span class="van-dropdown-menu__title">
          <div class="van-ellipsis">
            Option A
          </div>
        </span>
      </div>
    </div>
    <div
      style="top: 0px; display: none;"
      class="van-dropdown-item van-dropdown-item--down"
    >
      <transition-stub
        name="van-fade"
        appear="true"
        persisted="false"
        css="true"
      >
      </transition-stub>
      <transition-stub
        name="van-popup-slide-top"
        appear="false"
        persisted="false"
        css="true"
      >
      </transition-stub>
    </div>
    <div
      style="top: 0px; display: none;"
      class="van-dropdown-item van-dropdown-item--down"
    >
      <transition-stub
        name="van-fade"
        appear="true"
        persisted="false"
        css="true"
      >
      </transition-stub>
      <transition-stub
        name="van-popup-slide-top"
        appear="false"
        persisted="false"
        css="true"
      >
      </transition-stub>
    </div>
  </div>
</div>
<div>
  <div class="van-dropdown-menu">
    <div class="van-dropdown-menu__bar">
      <div
        id="van-dropdown-menu-0"
        role="button"
        tabindex="0"
        data-allow-mismatch="attribute"
        class="van-dropdown-menu__item van-haptics-feedback"
      >
        <span class="van-dropdown-menu__title">
          <div class="van-ellipsis">
            Option1
          </div>
        </span>
      </div>
      <div
        id="van-dropdown-menu-1"
        role="button"
        tabindex="0"
        data-allow-mismatch="attribute"
        class="van-dropdown-menu__item van-haptics-feedback"
      >
        <span class="van-dropdown-menu__title">
          <div class="van-ellipsis">
            Title
          </div>
        </span>
      </div>
    </div>
    <div
      style="top: 0px; display: none;"
      class="van-dropdown-item van-dropdown-item--down"
    >
      <transition-stub
        name="van-fade"
        appear="true"
        persisted="false"
        css="true"
      >
      </transition-stub>
      <transition-stub
        name="van-popup-slide-top"
        appear="false"
        persisted="false"
        css="true"
      >
      </transition-stub>
    </div>
    <div
      style="top: 0px; display: none;"
      class="van-dropdown-item van-dropdown-item--down"
    >
      <transition-stub
        name="van-fade"
        appear="true"
        persisted="false"
        css="true"
      >
      </transition-stub>
      <transition-stub
        name="van-popup-slide-top"
        appear="false"
        persisted="false"
        css="true"
      >
      </transition-stub>
    </div>
  </div>
</div>
<div>
  <div class="van-dropdown-menu">
    <div class="van-dropdown-menu__bar">
      <div
        id="van-dropdown-menu-0"
        role="button"
        tabindex="0"
        data-allow-mismatch="attribute"
        class="van-dropdown-menu__item van-haptics-feedback"
      >
        <span class="van-dropdown-menu__title">
          <div class="van-ellipsis">
            Option1
          </div>
        </span>
      </div>
      <div
        id="van-dropdown-menu-1"
        role="button"
        tabindex="0"
        data-allow-mismatch="attribute"
        class="van-dropdown-menu__item van-haptics-feedback"
      >
        <span class="van-dropdown-menu__title">
          <div class="van-ellipsis">
            Option A
          </div>
        </span>
      </div>
    </div>
    <div
      style="top: 0px; display: none;"
      class="van-dropdown-item van-dropdown-item--down"
    >
      <transition-stub
        name="van-fade"
        appear="true"
        persisted="false"
        css="true"
      >
      </transition-stub>
      <transition-stub
        name="van-popup-slide-top"
        appear="false"
        persisted="false"
        css="true"
      >
      </transition-stub>
    </div>
    <div
      style="top: 0px; display: none;"
      class="van-dropdown-item van-dropdown-item--down"
    >
      <transition-stub
        name="van-fade"
        appear="true"
        persisted="false"
        css="true"
      >
      </transition-stub>
      <transition-stub
        name="van-popup-slide-top"
        appear="false"
        persisted="false"
        css="true"
      >
      </transition-stub>
    </div>
  </div>
</div>
<div>
  <div class="van-dropdown-menu">
    <div class="van-dropdown-menu__bar van-dropdown-menu__bar--scrollable">
      <div
        id="van-dropdown-menu-0"
        role="button"
        tabindex="0"
        data-allow-mismatch="attribute"
        class="van-dropdown-menu__item van-dropdown-menu__item--grow van-haptics-feedback"
      >
        <span class="van-dropdown-menu__title">
          <div class="van-ellipsis">
            Option1
          </div>
        </span>
      </div>
      <div
        id="van-dropdown-menu-1"
        role="button"
        tabindex="0"
        data-allow-mismatch="attribute"
        class="van-dropdown-menu__item van-dropdown-menu__item--grow van-haptics-feedback"
      >
        <span class="van-dropdown-menu__title">
          <div class="van-ellipsis">
            Option A
          </div>
        </span>
      </div>
      <div
        id="van-dropdown-menu-2"
        role="button"
        tabindex="0"
        data-allow-mismatch="attribute"
        class="van-dropdown-menu__item van-dropdown-menu__item--grow van-haptics-feedback"
      >
        <span class="van-dropdown-menu__title">
          <div class="van-ellipsis">
            Option A
          </div>
        </span>
      </div>
      <div
        id="van-dropdown-menu-3"
        role="button"
        tabindex="0"
        data-allow-mismatch="attribute"
        class="van-dropdown-menu__item van-dropdown-menu__item--grow van-haptics-feedback"
      >
        <span class="van-dropdown-menu__title">
          <div class="van-ellipsis">
            Option A
          </div>
        </span>
      </div>
      <div
        id="van-dropdown-menu-4"
        role="button"
        tabindex="0"
        data-allow-mismatch="attribute"
        class="van-dropdown-menu__item van-dropdown-menu__item--grow van-haptics-feedback"
      >
        <span class="van-dropdown-menu__title">
          <div class="van-ellipsis">
            Option A
          </div>
        </span>
      </div>
    </div>
    <div
      style="top: 0px; display: none;"
      class="van-dropdown-item van-dropdown-item--down"
    >
      <transition-stub
        name="van-fade"
        appear="true"
        persisted="false"
        css="true"
      >
      </transition-stub>
      <transition-stub
        name="van-popup-slide-top"
        appear="false"
        persisted="false"
        css="true"
      >
      </transition-stub>
    </div>
    <div
      style="top: 0px; display: none;"
      class="van-dropdown-item van-dropdown-item--down"
    >
      <transition-stub
        name="van-fade"
        appear="true"
        persisted="false"
        css="true"
      >
      </transition-stub>
      <transition-stub
        name="van-popup-slide-top"
        appear="false"
        persisted="false"
        css="true"
      >
      </transition-stub>
    </div>
    <div
      style="top: 0px; display: none;"
      class="van-dropdown-item van-dropdown-item--down"
    >
      <transition-stub
        name="van-fade"
        appear="true"
        persisted="false"
        css="true"
      >
      </transition-stub>
      <transition-stub
        name="van-popup-slide-top"
        appear="false"
        persisted="false"
        css="true"
      >
      </transition-stub>
    </div>
    <div
      style="top: 0px; display: none;"
      class="van-dropdown-item van-dropdown-item--down"
    >
      <transition-stub
        name="van-fade"
        appear="true"
        persisted="false"
        css="true"
      >
      </transition-stub>
      <transition-stub
        name="van-popup-slide-top"
        appear="false"
        persisted="false"
        css="true"
      >
      </transition-stub>
    </div>
    <div
      style="top: 0px; display: none;"
      class="van-dropdown-item van-dropdown-item--down"
    >
      <transition-stub
        name="van-fade"
        appear="true"
        persisted="false"
        css="true"
      >
      </transition-stub>
      <transition-stub
        name="van-popup-slide-top"
        appear="false"
        persisted="false"
        css="true"
      >
      </transition-stub>
    </div>
  </div>
</div>
<div>
  <div class="van-dropdown-menu">
    <div class="van-dropdown-menu__bar">
      <div
        id="van-dropdown-menu-0"
        role="button"
        tabindex="0"
        data-allow-mismatch="attribute"
        class="van-dropdown-menu__item van-haptics-feedback"
      >
        <span class="van-dropdown-menu__title van-dropdown-menu__title--down">
          <div class="van-ellipsis">
            Option1
          </div>
        </span>
      </div>
      <div
        id="van-dropdown-menu-1"
        role="button"
        tabindex="0"
        data-allow-mismatch="attribute"
        class="van-dropdown-menu__item van-haptics-feedback"
      >
        <span class="van-dropdown-menu__title van-dropdown-menu__title--down">
          <div class="van-ellipsis">
            Option A
          </div>
        </span>
      </div>
    </div>
    <div
      style="bottom: 0px; display: none;"
      class="van-dropdown-item van-dropdown-item--up"
    >
      <transition-stub
        name="van-fade"
        appear="true"
        persisted="false"
        css="true"
      >
      </transition-stub>
      <transition-stub
        name="van-popup-slide-bottom"
        appear="false"
        persisted="false"
        css="true"
      >
      </transition-stub>
    </div>
    <div
      style="bottom: 0px; display: none;"
      class="van-dropdown-item van-dropdown-item--up"
    >
      <transition-stub
        name="van-fade"
        appear="true"
        persisted="false"
        css="true"
      >
      </transition-stub>
      <transition-stub
        name="van-popup-slide-bottom"
        appear="false"
        persisted="false"
        css="true"
      >
      </transition-stub>
    </div>
  </div>
</div>
<div>
  <div class="van-dropdown-menu">
    <div class="van-dropdown-menu__bar">
      <div
        id="van-dropdown-menu-0"
        role="button"
        data-allow-mismatch="attribute"
        class="van-dropdown-menu__item van-dropdown-menu__item--disabled"
      >
        <span class="van-dropdown-menu__title">
          <div class="van-ellipsis">
            Option1
          </div>
        </span>
      </div>
      <div
        id="van-dropdown-menu-1"
        role="button"
        data-allow-mismatch="attribute"
        class="van-dropdown-menu__item van-dropdown-menu__item--disabled"
      >
        <span class="van-dropdown-menu__title">
          <div class="van-ellipsis">
            Option A
          </div>
        </span>
      </div>
    </div>
    <div
      style="top: 0px; display: none;"
      class="van-dropdown-item van-dropdown-item--down"
    >
      <transition-stub
        name="van-fade"
        appear="true"
        persisted="false"
        css="true"
      >
      </transition-stub>
      <transition-stub
        name="van-popup-slide-top"
        appear="false"
        persisted="false"
        css="true"
      >
      </transition-stub>
    </div>
    <div
      style="top: 0px; display: none;"
      class="van-dropdown-item van-dropdown-item--down"
    >
      <transition-stub
        name="van-fade"
        appear="true"
        persisted="false"
        css="true"
      >
      </transition-stub>
      <transition-stub
        name="van-popup-slide-top"
        appear="false"
        persisted="false"
        css="true"
      >
      </transition-stub>
    </div>
  </div>
</div>
`;
