// Vitest Snapshot v1, https://vitest.dev/guide/snapshot.html

exports[`should render demo and match snapshot 1`] = `
<div>
  <div
    class="van-cell van-cell--clickable"
    role="button"
    tabindex="0"
  >
    <div class="van-cell__title">
      <span>
        Basic Usage
      </span>
    </div>
    <i class="van-badge__wrapper van-icon van-icon-arrow van-cell__right-icon">
    </i>
  </div>
  <div
    class="van-cell van-cell--clickable"
    role="button"
    tabindex="0"
  >
    <div class="van-cell__title">
      <span>
        Show Icon
      </span>
    </div>
    <i class="van-badge__wrapper van-icon van-icon-arrow van-cell__right-icon">
    </i>
  </div>
  <div
    class="van-cell van-cell--clickable"
    role="button"
    tabindex="0"
  >
    <div class="van-cell__title">
      <span>
        Show Cancel Button
      </span>
    </div>
    <i class="van-badge__wrapper van-icon van-icon-arrow van-cell__right-icon">
    </i>
  </div>
  <div
    class="van-cell van-cell--clickable"
    role="button"
    tabindex="0"
  >
    <div class="van-cell__title">
      <span>
        Show Description
      </span>
    </div>
    <i class="van-badge__wrapper van-icon van-icon-arrow van-cell__right-icon">
    </i>
  </div>
</div>
<div>
  <div
    class="van-cell van-cell--clickable"
    role="button"
    tabindex="0"
  >
    <div class="van-cell__title">
      <span>
        Option Status
      </span>
    </div>
    <i class="van-badge__wrapper van-icon van-icon-arrow van-cell__right-icon">
    </i>
  </div>
</div>
<div>
  <div
    class="van-cell van-cell--clickable"
    role="button"
    tabindex="0"
  >
    <div class="van-cell__title">
      <span>
        Custom Panel
      </span>
    </div>
    <i class="van-badge__wrapper van-icon van-icon-arrow van-cell__right-icon">
    </i>
  </div>
</div>
<transition-stub
  name="van-fade"
  appear="true"
  persisted="false"
  css="true"
>
</transition-stub>
<transition-stub
  name="van-popup-slide-bottom"
  appear="false"
  persisted="false"
  css="true"
>
</transition-stub>
<transition-stub
  name="van-fade"
  appear="true"
  persisted="false"
  css="true"
>
</transition-stub>
<transition-stub
  name="van-popup-slide-bottom"
  appear="false"
  persisted="false"
  css="true"
>
</transition-stub>
<transition-stub
  name="van-fade"
  appear="true"
  persisted="false"
  css="true"
>
</transition-stub>
<transition-stub
  name="van-popup-slide-bottom"
  appear="false"
  persisted="false"
  css="true"
>
</transition-stub>
<transition-stub
  name="van-fade"
  appear="true"
  persisted="false"
  css="true"
>
</transition-stub>
<transition-stub
  name="van-popup-slide-bottom"
  appear="false"
  persisted="false"
  css="true"
>
</transition-stub>
<transition-stub
  name="van-fade"
  appear="true"
  persisted="false"
  css="true"
>
</transition-stub>
<transition-stub
  name="van-popup-slide-bottom"
  appear="false"
  persisted="false"
  css="true"
>
</transition-stub>
<transition-stub
  name="van-fade"
  appear="true"
  persisted="false"
  css="true"
>
</transition-stub>
<transition-stub
  name="van-popup-slide-bottom"
  appear="false"
  persisted="false"
  css="true"
>
</transition-stub>
`;
